\BOOKMARK [1][-]{section.1}{\376\377\000I\000n\000t\000r\000o\000d\000u\000c\000t\000i\000o\000n}{}% 1
\BOOKMARK [2][-]{subsection.1.1}{\376\377\000M\000o\000t\000i\000v\000a\000t\000i\000o\000n\000:\000\040\000W\000h\000o\000\040\000A\000c\000t\000u\000a\000l\000l\000y\000\040\000N\000e\000e\000d\000s\000\040\000T\000h\000i\000s}{section.1}% 2
\BOOKMARK [2][-]{subsection.1.2}{\376\377\000O\000u\000r\000\040\000A\000p\000p\000r\000o\000a\000c\000h\000:\000\040\000T\000h\000r\000e\000e\000\040\000M\000u\000t\000u\000a\000l\000l\000y\000\040\000C\000o\000u\000p\000l\000e\000d\000\040\000O\000p\000e\000r\000a\000t\000o\000r\000s}{section.1}% 3
\BOOKMARK [2][-]{subsection.1.3}{\376\377\000T\000h\000e\000o\000r\000e\000t\000i\000c\000a\000l\000\040\000C\000o\000n\000t\000r\000i\000b\000u\000t\000i\000o\000n\000s}{section.1}% 4
\BOOKMARK [1][-]{section.2}{\376\377\000R\000e\000l\000a\000t\000e\000d\000\040\000W\000o\000r\000k}{}% 5
\BOOKMARK [2][-]{subsection.2.1}{\376\377\000P\000a\000r\000a\000m\000e\000t\000e\000r\000-\000E\000f\000f\000i\000c\000i\000e\000n\000t\000\040\000F\000i\000n\000e\000-\000T\000u\000n\000i\000n\000g}{section.2}% 6
\BOOKMARK [2][-]{subsection.2.2}{\376\377\000S\000p\000e\000c\000t\000r\000a\000l\000\040\000M\000e\000t\000h\000o\000d\000s}{section.2}% 7
\BOOKMARK [2][-]{subsection.2.3}{\376\377\000N\000e\000u\000r\000a\000l\000\040\000O\000D\000E\000s\000\040\000i\000n\000\040\000D\000e\000e\000p\000\040\000L\000e\000a\000r\000n\000i\000n\000g}{section.2}% 8
\BOOKMARK [2][-]{subsection.2.4}{\376\377\000L\000a\000t\000e\000n\000t\000-\000S\000p\000a\000c\000e\000\040\000a\000n\000d\000\040\000C\000o\000u\000p\000l\000e\000d\000\040\000A\000d\000a\000p\000t\000a\000t\000i\000o\000n\000s}{section.2}% 9
\BOOKMARK [1][-]{section.3}{\376\377\000M\000e\000t\000h\000o\000d\000:\000\040\000T\000h\000e\000\040\000S\0003\000\040\000A\000r\000c\000h\000i\000t\000e\000c\000t\000u\000r\000e}{}% 10
\BOOKMARK [2][-]{subsection.3.1}{\376\377\000S\000i\000n\000g\000u\000l\000a\000r\000\040\000V\000a\000l\000u\000e\000\040\000M\000o\000d\000u\000l\000a\000t\000i\000o\000n\000\040\000O\000p\000e\000r\000a\000t\000o\000r\000\040\000\050\000S\000V\000M\000O\000\051}{section.3}% 11
\BOOKMARK [3][-]{subsubsection.3.1.1}{\376\377\000L\000e\000m\000m\000a\000\040\0001\000:\000\040\000A\000p\000p\000r\000o\000x\000i\000m\000a\000t\000i\000o\000n\000\040\000R\000a\000t\000e\000\040\000f\000o\000r\000\040\000G\000E\000L\000U\000\040\000N\000e\000t\000w\000o\000r\000k\000s}{subsection.3.1}% 12
\BOOKMARK [3][-]{subsubsection.3.1.2}{\376\377\000T\000h\000e\000o\000r\000e\000m\000\040\0001\000:\000\040\000A\000p\000p\000r\000o\000x\000i\000m\000a\000t\000i\000o\000n\000\040\000C\000a\000p\000a\000c\000i\000t\000y\000\040\000o\000f\000\040\000S\000V\000M\000O}{subsection.3.1}% 13
\BOOKMARK [3][-]{subsubsection.3.1.3}{\376\377\000T\000h\000e\000o\000r\000e\000m\000\040\0002\000:\000\040\000U\000n\000i\000f\000o\000r\000m\000\040\000G\000r\000a\000d\000i\000e\000n\000t\000\040\000B\000o\000u\000n\000d}{subsection.3.1}% 14
\BOOKMARK [2][-]{subsection.3.2}{\376\377\000N\000e\000u\000r\000a\000l\000\040\000M\000a\000n\000i\000f\000o\000l\000d\000\040\000F\000l\000o\000w\000\040\000\050\000N\000M\000F\000\051}{section.3}% 15
\BOOKMARK [3][-]{subsubsection.3.2.1}{\376\377\000L\000e\000m\000m\000a\000\040\0002\000:\000\040\000L\000i\000p\000s\000c\000h\000i\000t\000z\000\040\000C\000o\000n\000s\000t\000a\000n\000t\000\040\000f\000o\000r\000\040\000B\000o\000t\000t\000l\000e\000n\000e\000c\000k\000\040\000t\000a\000n\000h\000\040\000M\000L\000P}{subsection.3.2}% 16
\BOOKMARK [3][-]{subsubsection.3.2.2}{\376\377\000T\000h\000e\000o\000r\000e\000m\000\040\0003\000:\000\040\000N\000M\000F\000\040\000T\000r\000a\000j\000e\000c\000t\000o\000r\000y\000\040\000B\000o\000u\000n\000d\000\040\000w\000i\000t\000h\000\040\000C\000o\000r\000r\000e\000c\000t\000e\000d\000\040\000G\000r\000\366\000n\000w\000a\000l\000l}{subsection.3.2}% 17
\BOOKMARK [3][-]{subsubsection.3.2.3}{\376\377\000T\000h\000e\000o\000r\000e\000m\000\040\0004\000:\000\040\000R\000K\0004\000\040\000N\000u\000m\000e\000r\000i\000c\000a\000l\000\040\000S\000t\000a\000b\000i\000l\000i\000t\000y}{subsection.3.2}% 18
\BOOKMARK [2][-]{subsection.3.3}{\376\377\000S\000p\000e\000c\000t\000r\000a\000l\000\040\000T\000r\000a\000n\000s\000p\000o\000r\000t\000\040\000B\000r\000i\000d\000g\000e\000\040\000\050\000S\000T\000B\000\051}{section.3}% 19
\BOOKMARK [3][-]{subsubsection.3.3.1}{\376\377\000T\000h\000e\000\040\000C\000o\000r\000e\000\040\000P\000r\000o\000b\000l\000e\000m\000:\000\040\000C\000o\000u\000p\000l\000i\000n\000g\000\040\000D\000i\000s\000j\000o\000i\000n\000t\000\040\000A\000d\000a\000p\000t\000a\000t\000i\000o\000n\000\040\000S\000p\000a\000c\000e\000s}{subsection.3.3}% 20
\BOOKMARK [3][-]{subsubsection.3.3.2}{\376\377\000F\000o\000r\000m\000a\000l\000\040\000D\000e\000f\000i\000n\000i\000t\000i\000o\000n}{subsection.3.3}% 21
\BOOKMARK [3][-]{subsubsection.3.3.3}{\376\377\000T\000h\000e\000o\000r\000e\000m\000\040\0005\000:\000\040\000M\000u\000t\000u\000a\000l\000\040\000I\000n\000f\000o\000r\000m\000a\000t\000i\000o\000n\000\040\000v\000i\000a\000\040\000S\000T\000B\000\040\000C\000o\000u\000p\000l\000i\000n\000g}{subsection.3.3}% 22
\BOOKMARK [3][-]{subsubsection.3.3.4}{\376\377\000T\000h\000e\000o\000r\000e\000m\000\040\0006\000:\000\040\000L\000o\000c\000a\000l\000\040\000C\000o\000n\000v\000e\000r\000g\000e\000n\000c\000e\000\040\000A\000c\000c\000e\000l\000e\000r\000a\000t\000i\000o\000n}{subsection.3.3}% 23
\BOOKMARK [2][-]{subsection.3.4}{\376\377\000T\000h\000e\000\040\000S\0003\000\040\000U\000n\000i\000f\000i\000e\000d\000\040\000A\000r\000c\000h\000i\000t\000e\000c\000t\000u\000r\000e}{section.3}% 24
\BOOKMARK [3][-]{subsubsection.3.4.1}{\376\377\000C\000o\000m\000p\000l\000e\000t\000e\000\040\000L\000a\000y\000e\000r\000\040\000A\000r\000c\000h\000i\000t\000e\000c\000t\000u\000r\000e}{subsection.3.4}% 25
\BOOKMARK [3][-]{table.1}{\376\377\000P\000a\000r\000a\000m\000e\000t\000e\000r\000\040\000B\000u\000d\000g\000e\000t\000\040\000\050\0007\000B\000-\000C\000l\000a\000s\000s\000\040\000M\000o\000d\000e\000l\000,\000\040\0003\0002\000\040\000L\000a\000y\000e\000r\000s\000\051}{subsection.3.4}% 26
\BOOKMARK [3][-]{subsubsection.3.4.3}{\376\377\000V\000R\000A\000M\000\040\000P\000e\000a\000k\000:\000\040\000C\000o\000n\000c\000r\000e\000t\000e\000\040\000A\000n\000a\000l\000y\000s\000i\000s}{subsection.3.4}% 27
\BOOKMARK [2][-]{subsection.3.5}{\376\377\000T\000h\000e\000o\000r\000e\000m\000\040\0007\000:\000\040\000P\000A\000C\000-\000B\000a\000y\000e\000s\000\040\000G\000e\000n\000e\000r\000a\000l\000i\000z\000a\000t\000i\000o\000n\000\040\000B\000o\000u\000n\000d}{section.3}% 28
\BOOKMARK [2][-]{subsection.3.6}{\376\377\000A\000l\000g\000o\000r\000i\000t\000h\000m\000i\000c\000\040\000I\000n\000n\000o\000v\000a\000t\000i\000o\000n\000s\000:\000\040\000T\000h\000e\000o\000r\000e\000m\000s\000\040\0008\040\023\0001\0000}{section.3}% 29
\BOOKMARK [3][-]{subsubsection.3.6.1}{\376\377\000T\000h\000e\000o\000r\000e\000m\000\040\0008\000:\000\040\000S\000p\000e\000c\000t\000r\000a\000l\000\040\000G\000r\000a\000d\000i\000e\000n\000t\000\040\000C\000o\000m\000p\000r\000e\000s\000s\000i\000o\000n\000\040\000\050\000S\000G\000C\000\051}{subsection.3.6}% 30
\BOOKMARK [3][-]{subsubsection.3.6.2}{\376\377\000T\000h\000e\000o\000r\000e\000m\000\040\0009\000:\000\040\000N\000M\000F\000\040\000F\000l\000o\000w\000\040\000R\000e\000c\000y\000c\000l\000i\000n\000g\000\040\000\050\000N\000F\000R\000\051}{subsection.3.6}% 31
\BOOKMARK [3][-]{subsubsection.3.6.3}{\376\377\000T\000h\000e\000o\000r\000e\000m\000\040\0001\0000\000:\000\040\000S\000T\000B\000\040\000B\000y\000p\000a\000s\000s\000\040\000S\000a\000m\000p\000l\000i\000n\000g\000\040\000\050\000S\000B\000S\000\051}{subsection.3.6}% 32
\BOOKMARK [1][-]{section.4}{\376\377\000E\000x\000p\000e\000r\000i\000m\000e\000n\000t\000s}{}% 33
\BOOKMARK [2][-]{subsection.4.1}{\376\377\000S\000e\000t\000u\000p}{section.4}% 34
\BOOKMARK [2][-]{subsection.4.2}{\376\377\000D\000o\000w\000n\000s\000t\000r\000e\000a\000m\000\040\000A\000c\000c\000u\000r\000a\000c\000y\000\040\000v\000s\000.\000\040\000L\000o\000R\000A}{section.4}% 35
\BOOKMARK [2][-]{subsection.4.3}{\376\377\000V\000R\000A\000M\000\040\000a\000n\000d\000\040\000W\000a\000l\000l\000-\000C\000l\000o\000c\000k}{section.4}% 36
\BOOKMARK [2][-]{subsection.4.4}{\376\377\000A\000b\000l\000a\000t\000i\000o\000n\000\040\000b\000y\000\040\000C\000o\000u\000p\000l\000e\000d\000\040\000P\000a\000t\000h\000w\000a\000y\000s}{section.4}% 37
\BOOKMARK [2][-]{subsection.4.5}{\376\377\000I\000s\000\040\000N\000M\000F\000\040\000a\000\040\000R\000e\000a\000l\000\040\000F\000l\000o\000w\000,\000\040\000o\000r\000\040\000a\000\040\000F\000i\000x\000e\000d\000-\000S\000t\000e\000p\000\040\000S\000h\000o\000r\000t\000c\000u\000t\000?}{section.4}% 38
\BOOKMARK [2][-]{subsection.4.6}{\376\377\000S\000t\000a\000t\000i\000s\000t\000i\000c\000a\000l\000\040\000S\000i\000g\000n\000i\000f\000i\000c\000a\000n\000c\000e}{section.4}% 39
\BOOKMARK [1][-]{section.5}{\376\377\000D\000i\000s\000c\000u\000s\000s\000i\000o\000n}{}% 40
\BOOKMARK [2][-]{subsection.5.1}{\376\377\000W\000h\000y\000\040\000S\0003\000\040\000W\000o\000r\000k\000s\000:\000\040\000T\000h\000r\000e\000e\000\040\000D\000e\000s\000i\000g\000n\000\040\000P\000r\000i\000n\000c\000i\000p\000l\000e\000s}{section.5}% 41
\BOOKMARK [2][-]{subsection.5.2}{\376\377\000L\000i\000m\000i\000t\000a\000t\000i\000o\000n\000s}{section.5}% 42
\BOOKMARK [2][-]{subsection.5.3}{\376\377\000W\000h\000o\000\040\000T\000h\000i\000s\000\040\000I\000s\000\040\000F\000o\000r}{section.5}% 43
\BOOKMARK [1][-]{section.6}{\376\377\000C\000o\000n\000c\000l\000u\000s\000i\000o\000n}{}% 44
\BOOKMARK [1][-]{section*.1}{\376\377\000R\000e\000f\000e\000r\000e\000n\000c\000e\000s}{}% 45
